

================================================================
== Vitis HLS Report for 'applyMixer_hls_3_Pipeline_VITIS_LOOP_134_5'
================================================================
* Date:           Thu Nov 20 16:57:54 2025

* Version:        2024.2 (Build 5238294 on Nov  8 2024)
* Project:        qaoa_kernel
* Solution:       hls (Vivado IP Flow Target)
* Product family: zynq
* Target device:  xc7z010-clg400-1


================================================================
== Performance Estimates
================================================================
+ Timing: 
    * Summary: 
    +--------+----------+----------+------------+
    |  Clock |  Target  | Estimated| Uncertainty|
    +--------+----------+----------+------------+
    |ap_clk  |  10.00 ns|  7.206 ns|     2.00 ns|
    +--------+----------+----------+------------+

+ Latency: 
    * Summary: 
    +---------+---------+----------+----------+-----+-----+------------------------------------------------+
    |  Latency (cycles) |  Latency (absolute) |  Interval |                    Pipeline                    |
    |   min   |   max   |    min   |    max   | min | max |                      Type                      |
    +---------+---------+----------+----------+-----+-----+------------------------------------------------+
    |      514|      514|  5.140 us|  5.140 us|  513|  513|  loop auto-rewind stp (delay=0 clock cycles(s))|
    +---------+---------+----------+----------+-----+-----+------------------------------------------------+

    + Detail: 
        * Instance: 
        N/A

        * Loop: 
        +--------------------+---------+---------+----------+-----------+-----------+------+----------+
        |                    |  Latency (cycles) | Iteration|  Initiation Interval  | Trip |          |
        |      Loop Name     |   min   |   max   |  Latency |  achieved |   target  | Count| Pipelined|
        +--------------------+---------+---------+----------+-----------+-----------+------+----------+
        |- VITIS_LOOP_134_5  |      512|      512|         2|          1|          1|   512|       yes|
        +--------------------+---------+---------+----------+-----------+-----------+------+----------+



================================================================
== Utilization Estimates
================================================================
* Summary: 
+-----------------+---------+----+-------+-------+-----+
|       Name      | BRAM_18K| DSP|   FF  |  LUT  | URAM|
+-----------------+---------+----+-------+-------+-----+
|DSP              |        -|   -|      -|      -|    -|
|Expression       |        -|   -|      0|     91|    -|
|FIFO             |        -|   -|      -|      -|    -|
|Instance         |        -|   -|      -|      -|    -|
|Memory           |        -|   -|      -|      -|    -|
|Multiplexer      |        -|   -|      0|     36|    -|
|Register         |        -|   -|     49|      -|    -|
+-----------------+---------+----+-------+-------+-----+
|Total            |        0|   0|     49|    127|    0|
+-----------------+---------+----+-------+-------+-----+
|Available        |      120|  80|  35200|  17600|    0|
+-----------------+---------+----+-------+-------+-----+
|Utilization (%)  |        0|   0|     ~0|     ~0|    0|
+-----------------+---------+----+-------+-------+-----+

+ Detail: 
    * Instance: 
    N/A

    * DSP: 
    N/A

    * Memory: 
    N/A

    * FIFO: 
    N/A

    * Expression: 
    +----------------------+----------+----+---+----+------------+------------+
    |     Variable Name    | Operation| DSP| FF| LUT| Bitwidth P0| Bitwidth P1|
    +----------------------+----------+----+---+----+------------+------------+
    |add_ln134_fu_146_p2   |         +|   0|  0|  13|          10|           1|
    |icmp_ln134_fu_140_p2  |      icmp|   0|  0|  12|          10|          11|
    |empty_60_fu_174_p3    |    select|   0|  0|  32|           1|          32|
    |empty_fu_165_p3       |    select|   0|  0|  32|           1|          32|
    |ap_enable_pp0         |       xor|   0|  0|   2|           1|           2|
    +----------------------+----------+----+---+----+------------+------------+
    |Total                 |          |   0|  0|  91|          23|          78|
    +----------------------+----------+----+---+----+------------+------------+

    * Multiplexer: 
    +-------------------------+----+-----------+-----+-----------+
    |           Name          | LUT| Input Size| Bits| Total Bits|
    +-------------------------+----+-----------+-----+-----------+
    |ap_done_int              |   9|          2|    1|          2|
    |ap_enable_reg_pp0_iter1  |   9|          2|    1|          2|
    |ap_sig_allocacmp_k_2     |   9|          2|   10|         20|
    |k_fu_48                  |   9|          2|   10|         20|
    +-------------------------+----+-----------+-----+-----------+
    |Total                    |  36|          8|   22|         44|
    +-------------------------+----+-----------+-----+-----------+

    * Register: 
    +-------------------------+----+----+-----+-----------+
    |           Name          | FF | LUT| Bits| Const Bits|
    +-------------------------+----+----+-----+-----------+
    |ap_CS_fsm                |   1|   0|    1|          0|
    |ap_done_reg              |   1|   0|    1|          0|
    |ap_enable_reg_pp0_iter1  |   1|   0|    1|          0|
    |bufA_im_addr_reg_221     |   9|   0|    9|          0|
    |bufA_re_addr_reg_215     |   9|   0|    9|          0|
    |bufB_im_addr_reg_209     |   9|   0|    9|          0|
    |bufB_re_addr_reg_203     |   9|   0|    9|          0|
    |k_fu_48                  |  10|   0|   10|          0|
    +-------------------------+----+----+-----+-----------+
    |Total                    |  49|   0|   49|          0|
    +-------------------------+----+----+-----+-----------+



================================================================
== Interface
================================================================
* Summary: 
+-------------------+-----+-----+------------+---------------------------------------------+--------------+
|     RTL Ports     | Dir | Bits|  Protocol  |                Source Object                |    C Type    |
+-------------------+-----+-----+------------+---------------------------------------------+--------------+
|ap_clk             |   in|    1|  ap_ctrl_hs|  applyMixer_hls<3>_Pipeline_VITIS_LOOP_134_5|  return value|
|ap_rst             |   in|    1|  ap_ctrl_hs|  applyMixer_hls<3>_Pipeline_VITIS_LOOP_134_5|  return value|
|ap_start           |   in|    1|  ap_ctrl_hs|  applyMixer_hls<3>_Pipeline_VITIS_LOOP_134_5|  return value|
|ap_done            |  out|    1|  ap_ctrl_hs|  applyMixer_hls<3>_Pipeline_VITIS_LOOP_134_5|  return value|
|ap_idle            |  out|    1|  ap_ctrl_hs|  applyMixer_hls<3>_Pipeline_VITIS_LOOP_134_5|  return value|
|ap_ready           |  out|    1|  ap_ctrl_hs|  applyMixer_hls<3>_Pipeline_VITIS_LOOP_134_5|  return value|
|bufB_re_address0   |  out|    9|   ap_memory|                                      bufB_re|         array|
|bufB_re_ce0        |  out|    1|   ap_memory|                                      bufB_re|         array|
|bufB_re_q0         |   in|   32|   ap_memory|                                      bufB_re|         array|
|bufB_re_address1   |  out|    9|   ap_memory|                                      bufB_re|         array|
|bufB_re_ce1        |  out|    1|   ap_memory|                                      bufB_re|         array|
|bufB_re_we1        |  out|    1|   ap_memory|                                      bufB_re|         array|
|bufB_re_d1         |  out|   32|   ap_memory|                                      bufB_re|         array|
|bufB_im_address0   |  out|    9|   ap_memory|                                      bufB_im|         array|
|bufB_im_ce0        |  out|    1|   ap_memory|                                      bufB_im|         array|
|bufB_im_q0         |   in|   32|   ap_memory|                                      bufB_im|         array|
|bufB_im_address1   |  out|    9|   ap_memory|                                      bufB_im|         array|
|bufB_im_ce1        |  out|    1|   ap_memory|                                      bufB_im|         array|
|bufB_im_we1        |  out|    1|   ap_memory|                                      bufB_im|         array|
|bufB_im_d1         |  out|   32|   ap_memory|                                      bufB_im|         array|
|bufA_re_address0   |  out|    9|   ap_memory|                                      bufA_re|         array|
|bufA_re_ce0        |  out|    1|   ap_memory|                                      bufA_re|         array|
|bufA_re_q0         |   in|   32|   ap_memory|                                      bufA_re|         array|
|bufA_re_address1   |  out|    9|   ap_memory|                                      bufA_re|         array|
|bufA_re_ce1        |  out|    1|   ap_memory|                                      bufA_re|         array|
|bufA_re_we1        |  out|    1|   ap_memory|                                      bufA_re|         array|
|bufA_re_d1         |  out|   32|   ap_memory|                                      bufA_re|         array|
|bufA_im_address0   |  out|    9|   ap_memory|                                      bufA_im|         array|
|bufA_im_ce0        |  out|    1|   ap_memory|                                      bufA_im|         array|
|bufA_im_q0         |   in|   32|   ap_memory|                                      bufA_im|         array|
|bufA_im_address1   |  out|    9|   ap_memory|                                      bufA_im|         array|
|bufA_im_ce1        |  out|    1|   ap_memory|                                      bufA_im|         array|
|bufA_im_we1        |  out|    1|   ap_memory|                                      bufA_im|         array|
|bufA_im_d1         |  out|   32|   ap_memory|                                      bufA_im|         array|
|state_cur_223131   |   in|    1|     ap_none|                             state_cur_223131|        scalar|
|state_next_222129  |   in|    1|     ap_none|                            state_next_222129|        scalar|
+-------------------+-----+-----+------------+---------------------------------------------+--------------+

