

================================================================
== Vitis HLS Report for 'costHamiltonian_3_s'
================================================================
* Date:           Thu Nov 20 16:57:53 2025

* Version:        2024.2 (Build 5238294 on Nov  8 2024)
* Project:        qaoa_kernel
* Solution:       hls (Vivado IP Flow Target)
* Product family: zynq
* Target device:  xc7z010-clg400-1


================================================================
== Performance Estimates
================================================================
+ Timing: 
    * Summary: 
    +--------+----------+----------+------------+
    |  Clock |  Target  | Estimated| Uncertainty|
    +--------+----------+----------+------------+
    |ap_clk  |  10.00 ns|  8.697 ns|     2.00 ns|
    +--------+----------+----------+------------+

+ Latency: 
    * Summary: 
    +---------+---------+----------+----------+-----+-----+---------+
    |  Latency (cycles) |  Latency (absolute) |  Interval | Pipeline|
    |   min   |   max   |    min   |    max   | min | max |   Type  |
    +---------+---------+----------+----------+-----+-----+---------+
    |       29|       29|  0.290 us|  0.290 us|    9|    9|      yes|
    +---------+---------+----------+----------+-----+-----+---------+

    + Detail: 
        * Instance: 
        N/A

        * Loop: 
        N/A



================================================================
== Utilization Estimates
================================================================
* Summary: 
+-----------------+---------+----+-------+-------+-----+
|       Name      | BRAM_18K| DSP|   FF  |  LUT  | URAM|
+-----------------+---------+----+-------+-------+-----+
|DSP              |        -|   -|      -|      -|    -|
|Expression       |        -|   -|      0|   8779|    -|
|FIFO             |        -|   -|      -|      -|    -|
|Instance         |        -|   3|    234|     84|    -|
|Memory           |        -|   -|      -|      -|    -|
|Multiplexer      |        -|   -|      0|    198|    -|
|Register         |        -|   -|   2749|    448|    -|
+-----------------+---------+----+-------+-------+-----+
|Total            |        0|   3|   2983|   9509|    0|
+-----------------+---------+----+-------+-------+-----+
|Available        |      120|  80|  35200|  17600|    0|
+-----------------+---------+----+-------+-------+-----+
|Utilization (%)  |        0|   3|      8|     54|    0|
+-----------------+---------+----+-------+-------+-----+

+ Detail: 
    * Instance: 
    +-----------------------+--------------------+---------+----+-----+----+-----+
    |        Instance       |       Module       | BRAM_18K| DSP|  FF | LUT| URAM|
    +-----------------------+--------------------+---------+----+-----+----+-----+
    |mul_49s_23s_68_3_1_U5  |mul_49s_23s_68_3_1  |        0|   3|  234|  84|    0|
    +-----------------------+--------------------+---------+----+-----+----+-----+
    |Total                  |                    |        0|   3|  234|  84|    0|
    +-----------------------+--------------------+---------+----+-----+----+-----+

    * DSP: 
    N/A

    * Memory: 
    N/A

    * FIFO: 
    N/A

    * Expression: 
    +----------------------------+----------+----+---+----+------------+------------+
    |        Variable Name       | Operation| DSP| FF| LUT| Bitwidth P0| Bitwidth P1|
    +----------------------------+----------+----+---+----+------------+------------+
    |add_ln19_26_fu_569_p2       |         +|   0|  0|  99|          92|          92|
    |add_ln19_27_fu_766_p2       |         +|   0|  0|  99|          92|          92|
    |add_ln19_28_fu_857_p2       |         +|   0|  0|  99|          92|          92|
    |add_ln19_29_fu_1000_p2      |         +|   0|  0|  99|          92|          92|
    |add_ln19_30_fu_1100_p2      |         +|   0|  0|  99|          92|          92|
    |add_ln19_31_fu_1191_p2      |         +|   0|  0|  99|          92|          92|
    |add_ln19_32_fu_1243_p2      |         +|   0|  0|  99|          92|          92|
    |add_ln19_33_fu_1295_p2      |         +|   0|  0|  99|          92|          92|
    |add_ln19_34_fu_1339_p2      |         +|   0|  0|  99|          92|          92|
    |add_ln19_35_fu_1383_p2      |         +|   0|  0|  99|          92|          92|
    |add_ln19_36_fu_1435_p2      |         +|   0|  0|  99|          92|          92|
    |add_ln19_37_fu_1479_p2      |         +|   0|  0|  99|          92|          92|
    |add_ln19_38_fu_1523_p2      |         +|   0|  0|  99|          92|          92|
    |add_ln19_39_fu_1576_p2      |         +|   0|  0|  99|          92|          92|
    |add_ln19_40_fu_1620_p2      |         +|   0|  0|  99|          92|          92|
    |add_ln19_41_fu_1664_p2      |         +|   0|  0|  99|          92|          92|
    |add_ln19_42_fu_1717_p2      |         +|   0|  0|  99|          92|          92|
    |add_ln19_43_fu_1761_p2      |         +|   0|  0|  99|          92|          92|
    |add_ln19_44_fu_1805_p2      |         +|   0|  0|  99|          92|          92|
    |add_ln19_45_fu_1857_p2      |         +|   0|  0|  99|          92|          92|
    |add_ln19_46_fu_1901_p2      |         +|   0|  0|  99|          92|          92|
    |add_ln19_47_fu_1945_p2      |         +|   0|  0|  99|          92|          92|
    |add_ln19_48_fu_1997_p2      |         +|   0|  0|  99|          92|          92|
    |add_ln19_49_fu_2041_p2      |         +|   0|  0|  99|          92|          92|
    |add_ln19_50_fu_2085_p2      |         +|   0|  0|  99|          92|          92|
    |add_ln19_fu_434_p2          |         +|   0|  0|  99|          92|          92|
    |add_ln30_3_fu_515_p2        |         +|   0|  0|  49|          42|          42|
    |add_ln30_4_fu_658_p2        |         +|   0|  0|  49|          42|          42|
    |add_ln30_fu_326_p2          |         +|   0|  0|  49|          42|          42|
    |add_ln32_10_fu_2164_p2      |         +|   0|  0|  79|          72|          72|
    |add_ln32_6_fu_2111_p2       |         +|   0|  0|  79|          72|          72|
    |add_ln32_7_fu_586_p2        |         +|   0|  0|  30|          23|          22|
    |add_ln32_8_fu_2138_p2       |         +|   0|  0|  79|          72|          72|
    |add_ln32_9_fu_783_p2        |         +|   0|  0|  30|          23|          22|
    |add_ln32_fu_443_p2          |         +|   0|  0|  30|          23|          22|
    |add_ln38_3_fu_946_p2        |         +|   0|  0|  49|          42|          42|
    |add_ln38_4_fu_703_p2        |         +|   0|  0|  49|          42|          42|
    |add_ln38_fu_366_p2          |         +|   0|  0|  49|          42|          42|
    |add_ln40_10_fu_2244_p2      |         +|   0|  0|  79|          72|          72|
    |add_ln40_6_fu_2191_p2       |         +|   0|  0|  79|          72|          72|
    |add_ln40_7_fu_1017_p2       |         +|   0|  0|  30|          23|          22|
    |add_ln40_8_fu_2217_p2       |         +|   0|  0|  79|          72|          72|
    |add_ln40_9_fu_1117_p2       |         +|   0|  0|  30|          23|          22|
    |add_ln40_fu_881_p2          |         +|   0|  0|  30|          23|          22|
    |sub_ln32_3_fu_616_p2        |         -|   0|  0|  56|          49|          49|
    |sub_ln32_4_fu_813_p2        |         -|   0|  0|  56|          49|          49|
    |sub_ln32_fu_473_p2          |         -|   0|  0|  56|          49|          49|
    |sub_ln40_3_fu_1047_p2       |         -|   0|  0|  56|          49|          49|
    |sub_ln40_4_fu_1147_p2       |         -|   0|  0|  56|          49|          49|
    |sub_ln40_fu_911_p2          |         -|   0|  0|  56|          49|          49|
    |select_ln19_100_fu_1938_p3  |    select|   0|  0|  92|           1|          92|
    |select_ln19_101_fu_1975_p3  |    select|   0|  0|  71|           1|          71|
    |select_ln19_102_fu_1990_p3  |    select|   0|  0|  92|           1|          92|
    |select_ln19_103_fu_2020_p3  |    select|   0|  0|  71|           1|          71|
    |select_ln19_104_fu_2034_p3  |    select|   0|  0|  92|           1|          92|
    |select_ln19_105_fu_2064_p3  |    select|   0|  0|  71|           1|          71|
    |select_ln19_106_fu_2078_p3  |    select|   0|  0|  92|           1|          92|
    |select_ln19_54_fu_405_p3    |    select|   0|  0|  92|           1|          92|
    |select_ln19_55_fu_412_p3    |    select|   0|  0|  71|           1|          71|
    |select_ln19_56_fu_427_p3    |    select|   0|  0|  92|           1|          92|
    |select_ln19_57_fu_548_p3    |    select|   0|  0|  71|           1|          71|
    |select_ln19_58_fu_562_p3    |    select|   0|  0|  92|           1|          92|
    |select_ln19_59_fu_744_p3    |    select|   0|  0|  71|           1|          71|
    |select_ln19_60_fu_759_p3    |    select|   0|  0|  92|           1|          92|
    |select_ln19_61_fu_836_p3    |    select|   0|  0|  71|           1|          71|
    |select_ln19_62_fu_850_p3    |    select|   0|  0|  92|           1|          92|
    |select_ln19_63_fu_979_p3    |    select|   0|  0|  71|           1|          71|
    |select_ln19_64_fu_993_p3    |    select|   0|  0|  92|           1|          92|
    |select_ln19_65_fu_1078_p3   |    select|   0|  0|  71|           1|          71|
    |select_ln19_66_fu_1093_p3   |    select|   0|  0|  92|           1|          92|
    |select_ln19_67_fu_1170_p3   |    select|   0|  0|  71|           1|          71|
    |select_ln19_68_fu_1184_p3   |    select|   0|  0|  92|           1|          92|
    |select_ln19_69_fu_1222_p3   |    select|   0|  0|  71|           1|          71|
    |select_ln19_70_fu_1236_p3   |    select|   0|  0|  92|           1|          92|
    |select_ln19_71_fu_1273_p3   |    select|   0|  0|  71|           1|          71|
    |select_ln19_72_fu_1288_p3   |    select|   0|  0|  92|           1|          92|
    |select_ln19_73_fu_1318_p3   |    select|   0|  0|  71|           1|          71|
    |select_ln19_74_fu_1332_p3   |    select|   0|  0|  92|           1|          92|
    |select_ln19_75_fu_1362_p3   |    select|   0|  0|  71|           1|          71|
    |select_ln19_76_fu_1376_p3   |    select|   0|  0|  92|           1|          92|
    |select_ln19_77_fu_1413_p3   |    select|   0|  0|  71|           1|          71|
    |select_ln19_78_fu_1428_p3   |    select|   0|  0|  92|           1|          92|
    |select_ln19_79_fu_1458_p3   |    select|   0|  0|  71|           1|          71|
    |select_ln19_80_fu_1472_p3   |    select|   0|  0|  92|           1|          92|
    |select_ln19_81_fu_1502_p3   |    select|   0|  0|  71|           1|          71|
    |select_ln19_82_fu_1516_p3   |    select|   0|  0|  92|           1|          92|
    |select_ln19_83_fu_1554_p3   |    select|   0|  0|  71|           1|          71|
    |select_ln19_84_fu_1569_p3   |    select|   0|  0|  92|           1|          92|
    |select_ln19_85_fu_1599_p3   |    select|   0|  0|  71|           1|          71|
    |select_ln19_86_fu_1613_p3   |    select|   0|  0|  92|           1|          92|
    |select_ln19_87_fu_1643_p3   |    select|   0|  0|  71|           1|          71|
    |select_ln19_88_fu_1657_p3   |    select|   0|  0|  92|           1|          92|
    |select_ln19_89_fu_1695_p3   |    select|   0|  0|  71|           1|          71|
    |select_ln19_90_fu_1710_p3   |    select|   0|  0|  92|           1|          92|
    |select_ln19_91_fu_1740_p3   |    select|   0|  0|  71|           1|          71|
    |select_ln19_92_fu_1754_p3   |    select|   0|  0|  92|           1|          92|
    |select_ln19_93_fu_1784_p3   |    select|   0|  0|  71|           1|          71|
    |select_ln19_94_fu_1798_p3   |    select|   0|  0|  92|           1|          92|
    |select_ln19_95_fu_1835_p3   |    select|   0|  0|  71|           1|          71|
    |select_ln19_96_fu_1850_p3   |    select|   0|  0|  92|           1|          92|
    |select_ln19_97_fu_1880_p3   |    select|   0|  0|  71|           1|          71|
    |select_ln19_98_fu_1894_p3   |    select|   0|  0|  92|           1|          92|
    |select_ln19_99_fu_1924_p3   |    select|   0|  0|  71|           1|          71|
    |select_ln19_fu_390_p3       |    select|   0|  0|  32|           1|          32|
    |select_ln30_14_fu_294_p3    |    select|   0|  0|  21|           1|          21|
    |select_ln30_15_fu_302_p3    |    select|   0|  0|  22|           1|          22|
    |select_ln30_16_fu_318_p3    |    select|   0|  0|  41|           1|          41|
    |select_ln30_17_fu_479_p3    |    select|   0|  0|  23|           1|          23|
    |select_ln30_18_fu_486_p3    |    select|   0|  0|  21|           1|          21|
    |select_ln30_19_fu_493_p3    |    select|   0|  0|  22|           1|          22|
    |select_ln30_20_fu_508_p3    |    select|   0|  0|  41|           1|          41|
    |select_ln30_21_fu_342_p3    |    select|   0|  0|  41|           1|          41|
    |select_ln30_22_fu_863_p3    |    select|   0|  0|  41|           1|          41|
    |select_ln30_23_fu_622_p3    |    select|   0|  0|  23|           1|          23|
    |select_ln30_24_fu_629_p3    |    select|   0|  0|  21|           1|          21|
    |select_ln30_25_fu_636_p3    |    select|   0|  0|  22|           1|          22|
    |select_ln30_26_fu_651_p3    |    select|   0|  0|  41|           1|          41|
    |select_ln30_fu_286_p3       |    select|   0|  0|  23|           1|          23|
    |select_ln38_10_fu_674_p3    |    select|   0|  0|  23|           1|          23|
    |select_ln38_11_fu_681_p3    |    select|   0|  0|  21|           1|          21|
    |select_ln38_12_fu_688_p3    |    select|   0|  0|  22|           1|          22|
    |select_ln38_7_fu_917_p3     |    select|   0|  0|  23|           1|          23|
    |select_ln38_8_fu_924_p3     |    select|   0|  0|  21|           1|          21|
    |select_ln38_9_fu_931_p3     |    select|   0|  0|  22|           1|          22|
    |select_ln38_fu_350_p3       |    select|   0|  0|  22|           1|          22|
    |ap_enable_pp0               |       xor|   0|  0|   2|           1|           2|
    +----------------------------+----------+----+---+----+------------+------------+
    |Total                       |          |   0|  0|8779|        3584|        8423|
    +----------------------------+----------+----+---+----+------------+------------+

    * Multiplexer: 
    +-------------------------+----+-----------+-----+-----------+
    |           Name          | LUT| Input Size| Bits| Total Bits|
    +-------------------------+----+-----------+-----+-----------+
    |ap_NS_fsm                |  53|         10|    1|         10|
    |ap_enable_reg_pp0_iter0  |   9|          2|    1|          2|
    |ap_enable_reg_pp0_iter3  |   9|          2|    1|          2|
    |d_address0_local         |  53|         10|    4|         40|
    |grp_fu_210_p0            |  37|          7|   49|        343|
    |grp_fu_210_p1            |  37|          7|   23|        161|
    +-------------------------+----+-----------+-----+-----------+
    |Total                    | 198|         38|   79|        558|
    +-------------------------+----+-----------+-----+-----------+

    * Register: 
    +-------------------------------+----+----+-----+-----------+
    |              Name             | FF | LUT| Bits| Const Bits|
    +-------------------------------+----+----+-----+-----------+
    |add_ln19_26_reg_2415           |  32|   0|   92|         60|
    |add_ln19_27_reg_2461           |  32|   0|   92|         60|
    |add_ln19_28_reg_2491           |  32|   0|   92|         60|
    |add_ln19_29_reg_2531           |  32|   0|   92|         60|
    |add_ln19_30_reg_2572           |  32|   0|   92|         60|
    |add_ln19_31_reg_2602           |  32|   0|   92|         60|
    |add_ln19_32_reg_2622           |  32|   0|   92|         60|
    |add_ln19_33_reg_2638           |  32|   0|   92|         60|
    |add_ln19_34_reg_2648           |  32|   0|   92|         60|
    |add_ln19_35_reg_2653           |  32|   0|   92|         60|
    |add_ln19_36_reg_2664           |  32|   0|   92|         60|
    |add_ln19_37_reg_2669           |  32|   0|   92|         60|
    |add_ln19_38_reg_2679           |  32|   0|   92|         60|
    |add_ln19_39_reg_2695           |  32|   0|   92|         60|
    |add_ln19_40_reg_2705           |  32|   0|   92|         60|
    |add_ln19_41_reg_2715           |  32|   0|   92|         60|
    |add_ln19_42_reg_2731           |  32|   0|   92|         60|
    |add_ln19_43_reg_2741           |  32|   0|   92|         60|
    |add_ln19_44_reg_2746           |  32|   0|   92|         60|
    |add_ln19_45_reg_2757           |  32|   0|   92|         60|
    |add_ln19_46_reg_2762           |  32|   0|   92|         60|
    |add_ln19_47_reg_2767           |  32|   0|   92|         60|
    |add_ln19_48_reg_2778           |  32|   0|   92|         60|
    |add_ln19_49_reg_2783           |  32|   0|   92|         60|
    |add_ln19_reg_2390              |  32|   0|   92|         60|
    |add_ln32_7_reg_2430            |   3|   0|   23|         20|
    |add_ln32_9_reg_2476            |   3|   0|   23|         20|
    |add_ln32_reg_2395              |   3|   0|   23|         20|
    |add_ln40_7_reg_2556            |   3|   0|   23|         20|
    |add_ln40_9_reg_2592            |   3|   0|   23|         20|
    |add_ln40_reg_2516              |   3|   0|   23|         20|
    |ap_CS_fsm                      |   9|   0|    9|          0|
    |ap_enable_reg_pp0_iter0_reg    |   1|   0|    1|          0|
    |ap_enable_reg_pp0_iter1        |   1|   0|    1|          0|
    |ap_enable_reg_pp0_iter2        |   1|   0|    1|          0|
    |ap_enable_reg_pp0_iter3        |   1|   0|    1|          0|
    |d_load_11_reg_2496             |  32|   0|   32|          0|
    |d_load_12_reg_2536             |  32|   0|   32|          0|
    |d_load_15_reg_2720             |  32|   0|   32|          0|
    |d_load_16_reg_2736             |  32|   0|   32|          0|
    |empty_reg_2265                 |   1|   0|    1|          0|
    |mul_ln32_3_reg_2541            |  68|   0|   68|          0|
    |mul_ln32_4_reg_2577            |  68|   0|   68|          0|
    |mul_ln32_reg_2501              |  68|   0|   68|          0|
    |mul_ln40_3_reg_2627            |  68|   0|   68|          0|
    |mul_ln40_4_reg_2643            |  68|   0|   68|          0|
    |mul_ln40_reg_2607              |  68|   0|   68|          0|
    |reg_214                        |  32|   0|   32|          0|
    |shl_ln19_35_reg_2455           |  32|   0|   71|         39|
    |shl_ln19_39_reg_2566           |  32|   0|   71|         39|
    |shl_ln19_43_reg_2632           |  32|   0|   71|         39|
    |shl_ln19_47_reg_2658           |  32|   0|   71|         39|
    |shl_ln19_51_reg_2689           |  32|   0|   71|         39|
    |shl_ln19_55_reg_2725           |  32|   0|   71|         39|
    |shl_ln19_59_reg_2751           |  32|   0|   71|         39|
    |shl_ln19_63_reg_2772           |  32|   0|   71|         39|
    |shl_ln_reg_2385                |  32|   0|   71|         39|
    |sub_ln32_3_reg_2435            |   8|   0|   49|         41|
    |sub_ln32_4_reg_2481            |   8|   0|   49|         41|
    |sub_ln32_reg_2400              |   8|   0|   49|         41|
    |sub_ln40_3_reg_2561            |   8|   0|   49|         41|
    |sub_ln40_4_reg_2597            |   8|   0|   49|         41|
    |sub_ln40_reg_2521              |   8|   0|   49|         41|
    |tmp_59_reg_2370                |   2|   0|   22|         20|
    |tmp_60_reg_2788                |  32|   0|   32|          0|
    |tmp_62_reg_2405                |   2|   0|   22|         20|
    |tmp_63_reg_2793                |  32|   0|   32|          0|
    |tmp_64_reg_2440                |   2|   0|   22|         20|
    |tmp_66_reg_2375                |   2|   0|   22|         20|
    |tmp_67_reg_2798                |  32|   0|   32|          0|
    |tmp_68_reg_2526                |   2|   0|   22|         20|
    |tmp_70_reg_2445                |   2|   0|   22|         20|
    |tmp_73_reg_2275                |   1|   0|    1|          0|
    |tmp_73_reg_2275_pp0_iter1_reg  |   1|   0|    1|          0|
    |tmp_74_reg_2286                |   1|   0|    1|          0|
    |tmp_75_reg_2297                |   1|   0|    1|          0|
    |tmp_76_reg_2310                |   1|   0|    1|          0|
    |tmp_77_reg_2323                |   1|   0|    1|          0|
    |tmp_78_reg_2335                |   1|   0|    1|          0|
    |tmp_79_reg_2347                |   1|   0|    1|          0|
    |tmp_80_reg_2358                |   1|   0|    1|          0|
    |empty_reg_2265                 |  64|  32|    1|          0|
    |mul_ln32_3_reg_2541            |  64|  32|   68|          0|
    |mul_ln32_4_reg_2577            |  64|  32|   68|          0|
    |mul_ln32_reg_2501              |  64|  32|   68|          0|
    |mul_ln40_3_reg_2627            |  64|  32|   68|          0|
    |mul_ln40_4_reg_2643            |  64|  32|   68|          0|
    |mul_ln40_reg_2607              |  64|  32|   68|          0|
    |tmp_74_reg_2286                |  64|  32|    1|          0|
    |tmp_75_reg_2297                |  64|  32|    1|          0|
    |tmp_76_reg_2310                |  64|  32|    1|          0|
    |tmp_77_reg_2323                |  64|  32|    1|          0|
    |tmp_78_reg_2335                |  64|  32|    1|          0|
    |tmp_79_reg_2347                |  64|  32|    1|          0|
    |tmp_80_reg_2358                |  64|  32|    1|          0|
    +-------------------------------+----+----+-----+-----------+
    |Total                          |2749| 448| 4606|       2337|
    +-------------------------------+----+----+-----+-----------+



================================================================
== Interface
================================================================
* Summary: 
+------------+-----+-----+------------+--------------------+--------------+
|  RTL Ports | Dir | Bits|  Protocol  |    Source Object   |    C Type    |
+------------+-----+-----+------------+--------------------+--------------+
|ap_clk      |   in|    1|  ap_ctrl_hs|  costHamiltonian<3>|  return value|
|ap_rst      |   in|    1|  ap_ctrl_hs|  costHamiltonian<3>|  return value|
|ap_start    |   in|    1|  ap_ctrl_hs|  costHamiltonian<3>|  return value|
|ap_done     |  out|    1|  ap_ctrl_hs|  costHamiltonian<3>|  return value|
|ap_idle     |  out|    1|  ap_ctrl_hs|  costHamiltonian<3>|  return value|
|ap_ready    |  out|    1|  ap_ctrl_hs|  costHamiltonian<3>|  return value|
|ap_return   |  out|   32|  ap_ctrl_hs|  costHamiltonian<3>|  return value|
|s           |   in|    9|     ap_none|                   s|        scalar|
|d_address0  |  out|    4|   ap_memory|                   d|         array|
|d_ce0       |  out|    1|   ap_memory|                   d|         array|
|d_q0        |   in|   32|   ap_memory|                   d|         array|
+------------+-----+-----+------------+--------------------+--------------+

