

================================================================
== Vitis HLS Report for 'expectation_cost_3_Pipeline_VITIS_LOOP_177_1'
================================================================
* Date:           Thu Nov 20 16:57:55 2025

* Version:        2024.2 (Build 5238294 on Nov  8 2024)
* Project:        qaoa_kernel
* Solution:       hls (Vivado IP Flow Target)
* Product family: zynq
* Target device:  xc7z010-clg400-1


================================================================
== Performance Estimates
================================================================
+ Timing: 
    * Summary: 
    +--------+----------+----------+------------+
    |  Clock |  Target  | Estimated| Uncertainty|
    +--------+----------+----------+------------+
    |ap_clk  |  10.00 ns|  7.498 ns|     2.00 ns|
    +--------+----------+----------+------------+

+ Latency: 
    * Summary: 
    +---------+---------+----------+----------+-----+-----+------------------------------------------------+
    |  Latency (cycles) |  Latency (absolute) |  Interval |                    Pipeline                    |
    |   min   |   max   |    min   |    max   | min | max |                      Type                      |
    +---------+---------+----------+----------+-----+-----+------------------------------------------------+
    |      544|      544|  5.440 us|  5.440 us|  513|  513|  loop auto-rewind stp (delay=0 clock cycles(s))|
    +---------+---------+----------+----------+-----+-----+------------------------------------------------+

    + Detail: 
        * Instance: 
        N/A

        * Loop: 
        +--------------------+---------+---------+----------+-----------+-----------+------+----------+
        |                    |  Latency (cycles) | Iteration|  Initiation Interval  | Trip |          |
        |      Loop Name     |   min   |   max   |  Latency |  achieved |   target  | Count| Pipelined|
        +--------------------+---------+---------+----------+-----------+-----------+------+----------+
        |- VITIS_LOOP_177_1  |      542|      542|        32|          1|          1|   512|       yes|
        +--------------------+---------+---------+----------+-----------+-----------+------+----------+



================================================================
== Utilization Estimates
================================================================
* Summary: 
+-----------------+---------+----+-------+-------+-----+
|       Name      | BRAM_18K| DSP|   FF  |  LUT  | URAM|
+-----------------+---------+----+-------+-------+-----+
|DSP              |        -|   -|      -|      -|    -|
|Expression       |        -|   -|      0|   9025|    -|
|FIFO             |        -|   -|      -|      -|    -|
|Instance         |        -|  26|   1734|    604|    -|
|Memory           |        -|   -|      -|      -|    -|
|Multiplexer      |        -|   -|      0|     63|    -|
|Register         |        -|   -|   3180|    384|    -|
+-----------------+---------+----+-------+-------+-----+
|Total            |        0|  26|   4914|  10076|    0|
+-----------------+---------+----+-------+-------+-----+
|Available        |      120|  80|  35200|  17600|    0|
+-----------------+---------+----+-------+-------+-----+
|Utilization (%)  |        0|  32|     13|     57|    0|
+-----------------+---------+----+-------+-------+-----+

+ Detail: 
    * Instance: 
    +--------------------------+----------------------+---------+----+-----+----+-----+
    |         Instance         |        Module        | BRAM_18K| DSP|  FF | LUT| URAM|
    +--------------------------+----------------------+---------+----+-----+----+-----+
    |mul_32s_32s_52_2_1_U83    |mul_32s_32s_52_2_1    |        0|   4|  165|  50|    0|
    |mul_32s_32s_52_2_1_U84    |mul_32s_32s_52_2_1    |        0|   4|  165|  50|    0|
    |mul_49s_23s_68_3_1_x_U85  |mul_49s_23s_68_3_1_x  |        0|   3|  234|  84|    0|
    |mul_49s_23s_68_3_1_x_U86  |mul_49s_23s_68_3_1_x  |        0|   3|  234|  84|    0|
    |mul_49s_23s_68_3_1_x_U87  |mul_49s_23s_68_3_1_x  |        0|   3|  234|  84|    0|
    |mul_49s_23s_68_3_1_x_U88  |mul_49s_23s_68_3_1_x  |        0|   3|  234|  84|    0|
    |mul_49s_23s_68_3_1_x_U89  |mul_49s_23s_68_3_1_x  |        0|   3|  234|  84|    0|
    |mul_49s_23s_68_3_1_x_U90  |mul_49s_23s_68_3_1_x  |        0|   3|  234|  84|    0|
    +--------------------------+----------------------+---------+----+-----+----+-----+
    |Total                     |                      |        0|  26| 1734| 604|    0|
    +--------------------------+----------------------+---------+----+-----+----+-----+

    * DSP: 
    N/A

    * Memory: 
    N/A

    * FIFO: 
    N/A

    * Expression: 
    +---------------------------+----------+----+---+----+------------+------------+
    |       Variable Name       | Operation| DSP| FF| LUT| Bitwidth P0| Bitwidth P1|
    +---------------------------+----------+----+---+----+------------+------------+
    |add_ln177_fu_321_p2        |         +|   0|  0|  13|          10|           1|
    |add_ln181_fu_2333_p2       |         +|   0|  0|  59|          52|          52|
    |add_ln183_fu_2458_p2       |         +|   0|  0|  59|          52|          52|
    |add_ln19_10_fu_920_p2      |         +|   0|  0|  99|          92|          92|
    |add_ln19_11_fu_972_p2      |         +|   0|  0|  99|          92|          92|
    |add_ln19_12_fu_1016_p2     |         +|   0|  0|  99|          92|          92|
    |add_ln19_13_fu_1060_p2     |         +|   0|  0|  99|          92|          92|
    |add_ln19_14_fu_1112_p2     |         +|   0|  0|  99|          92|          92|
    |add_ln19_15_fu_1156_p2     |         +|   0|  0|  99|          92|          92|
    |add_ln19_16_fu_1200_p2     |         +|   0|  0|  99|          92|          92|
    |add_ln19_17_fu_1252_p2     |         +|   0|  0|  99|          92|          92|
    |add_ln19_18_fu_1296_p2     |         +|   0|  0|  99|          92|          92|
    |add_ln19_19_fu_1340_p2     |         +|   0|  0|  99|          92|          92|
    |add_ln19_1_fu_452_p2       |         +|   0|  0|  99|          92|          92|
    |add_ln19_20_fu_1392_p2     |         +|   0|  0|  99|          92|          92|
    |add_ln19_21_fu_1436_p2     |         +|   0|  0|  99|          92|          92|
    |add_ln19_22_fu_1622_p2     |         +|   0|  0|  99|          92|          92|
    |add_ln19_23_fu_1849_p2     |         +|   0|  0|  99|          92|          92|
    |add_ln19_24_fu_2047_p2     |         +|   0|  0|  99|          92|          92|
    |add_ln19_25_fu_2185_p2     |         +|   0|  0|  99|          92|          92|
    |add_ln19_2_fu_512_p2       |         +|   0|  0|  99|          92|          92|
    |add_ln19_3_fu_564_p2       |         +|   0|  0|  99|          92|          92|
    |add_ln19_4_fu_616_p2       |         +|   0|  0|  99|          92|          92|
    |add_ln19_5_fu_676_p2       |         +|   0|  0|  99|          92|          92|
    |add_ln19_6_fu_728_p2       |         +|   0|  0|  99|          92|          92|
    |add_ln19_7_fu_780_p2       |         +|   0|  0|  99|          92|          92|
    |add_ln19_8_fu_832_p2       |         +|   0|  0|  99|          92|          92|
    |add_ln19_9_fu_876_p2       |         +|   0|  0|  99|          92|          92|
    |add_ln19_fu_403_p2         |         +|   0|  0|  99|          92|          92|
    |add_ln30_1_fu_1530_p2      |         +|   0|  0|  49|          42|          42|
    |add_ln30_2_fu_1742_p2      |         +|   0|  0|  49|          42|          42|
    |add_ln30_fu_1478_p2        |         +|   0|  0|  49|          42|          42|
    |add_ln32_1_fu_2237_p2      |         +|   0|  0|  79|          72|          72|
    |add_ln32_2_fu_1670_p2      |         +|   0|  0|  30|          23|          22|
    |add_ln32_3_fu_2264_p2      |         +|   0|  0|  79|          72|          72|
    |add_ln32_4_fu_1881_p2      |         +|   0|  0|  30|          23|          22|
    |add_ln32_5_fu_2290_p2      |         +|   0|  0|  79|          72|          72|
    |add_ln32_fu_1631_p2        |         +|   0|  0|  30|          23|          22|
    |add_ln38_1_fu_1985_p2      |         +|   0|  0|  49|          42|          42|
    |add_ln38_2_fu_1787_p2      |         +|   0|  0|  49|          42|          42|
    |add_ln38_fu_1568_p2        |         +|   0|  0|  49|          42|          42|
    |add_ln40_1_fu_2317_p2      |         +|   0|  0|  79|          72|          72|
    |add_ln40_2_fu_2072_p2      |         +|   0|  0|  30|          23|          22|
    |add_ln40_3_fu_2357_p2      |         +|   0|  0|  79|          72|          72|
    |add_ln40_4_fu_2111_p2      |         +|   0|  0|  30|          23|          22|
    |add_ln40_5_fu_2384_p2      |         +|   0|  0|  79|          72|          72|
    |add_ln40_fu_1920_p2        |         +|   0|  0|  30|          23|          22|
    |sub_ln32_1_fu_1700_p2      |         -|   0|  0|  56|          49|          49|
    |sub_ln32_2_fu_1911_p2      |         -|   0|  0|  56|          49|          49|
    |sub_ln32_fu_1661_p2        |         -|   0|  0|  56|          49|          49|
    |sub_ln40_1_fu_2102_p2      |         -|   0|  0|  56|          49|          49|
    |sub_ln40_2_fu_2141_p2      |         -|   0|  0|  56|          49|          49|
    |sub_ln40_fu_1950_p2        |         -|   0|  0|  56|          49|          49|
    |icmp_ln177_fu_315_p2       |      icmp|   0|  0|  12|          10|          11|
    |icmp_ln185_fu_2417_p2      |      icmp|   0|  0|  39|          32|          32|
    |argmax_4_fu_2429_p3        |    select|   0|  0|  32|           1|          32|
    |select_ln185_fu_2422_p3    |    select|   0|  0|  32|           1|          32|
    |select_ln19_10_fu_594_p3   |    select|   0|  0|  71|           1|          71|
    |select_ln19_11_fu_608_p3   |    select|   0|  0|  92|           1|          92|
    |select_ln19_12_fu_653_p3   |    select|   0|  0|  71|           1|          71|
    |select_ln19_13_fu_668_p3   |    select|   0|  0|  92|           1|          92|
    |select_ln19_14_fu_706_p3   |    select|   0|  0|  71|           1|          71|
    |select_ln19_15_fu_720_p3   |    select|   0|  0|  92|           1|          92|
    |select_ln19_16_fu_758_p3   |    select|   0|  0|  71|           1|          71|
    |select_ln19_17_fu_772_p3   |    select|   0|  0|  92|           1|          92|
    |select_ln19_18_fu_810_p3   |    select|   0|  0|  71|           1|          71|
    |select_ln19_19_fu_825_p3   |    select|   0|  0|  92|           1|          92|
    |select_ln19_1_fu_363_p3    |    select|   0|  0|  92|           1|          92|
    |select_ln19_20_fu_855_p3   |    select|   0|  0|  71|           1|          71|
    |select_ln19_21_fu_869_p3   |    select|   0|  0|  92|           1|          92|
    |select_ln19_22_fu_899_p3   |    select|   0|  0|  71|           1|          71|
    |select_ln19_23_fu_913_p3   |    select|   0|  0|  92|           1|          92|
    |select_ln19_24_fu_950_p3   |    select|   0|  0|  71|           1|          71|
    |select_ln19_25_fu_965_p3   |    select|   0|  0|  92|           1|          92|
    |select_ln19_26_fu_995_p3   |    select|   0|  0|  71|           1|          71|
    |select_ln19_27_fu_1009_p3  |    select|   0|  0|  92|           1|          92|
    |select_ln19_28_fu_1039_p3  |    select|   0|  0|  71|           1|          71|
    |select_ln19_29_fu_1053_p3  |    select|   0|  0|  92|           1|          92|
    |select_ln19_2_fu_379_p3    |    select|   0|  0|  71|           1|          71|
    |select_ln19_30_fu_1090_p3  |    select|   0|  0|  71|           1|          71|
    |select_ln19_31_fu_1105_p3  |    select|   0|  0|  92|           1|          92|
    |select_ln19_32_fu_1135_p3  |    select|   0|  0|  71|           1|          71|
    |select_ln19_33_fu_1149_p3  |    select|   0|  0|  92|           1|          92|
    |select_ln19_34_fu_1179_p3  |    select|   0|  0|  71|           1|          71|
    |select_ln19_35_fu_1193_p3  |    select|   0|  0|  92|           1|          92|
    |select_ln19_36_fu_1230_p3  |    select|   0|  0|  71|           1|          71|
    |select_ln19_37_fu_1245_p3  |    select|   0|  0|  92|           1|          92|
    |select_ln19_38_fu_1275_p3  |    select|   0|  0|  71|           1|          71|
    |select_ln19_39_fu_1289_p3  |    select|   0|  0|  92|           1|          92|
    |select_ln19_3_fu_395_p3    |    select|   0|  0|  92|           1|          92|
    |select_ln19_40_fu_1319_p3  |    select|   0|  0|  71|           1|          71|
    |select_ln19_41_fu_1333_p3  |    select|   0|  0|  92|           1|          92|
    |select_ln19_42_fu_1370_p3  |    select|   0|  0|  71|           1|          71|
    |select_ln19_43_fu_1385_p3  |    select|   0|  0|  92|           1|          92|
    |select_ln19_44_fu_1415_p3  |    select|   0|  0|  71|           1|          71|
    |select_ln19_45_fu_1429_p3  |    select|   0|  0|  92|           1|          92|
    |select_ln19_46_fu_1601_p3  |    select|   0|  0|  71|           1|          71|
    |select_ln19_47_fu_1615_p3  |    select|   0|  0|  92|           1|          92|
    |select_ln19_48_fu_1827_p3  |    select|   0|  0|  71|           1|          71|
    |select_ln19_49_fu_1842_p3  |    select|   0|  0|  92|           1|          92|
    |select_ln19_4_fu_431_p3    |    select|   0|  0|  71|           1|          71|
    |select_ln19_50_fu_2026_p3  |    select|   0|  0|  71|           1|          71|
    |select_ln19_51_fu_2040_p3  |    select|   0|  0|  92|           1|          92|
    |select_ln19_52_fu_2164_p3  |    select|   0|  0|  71|           1|          71|
    |select_ln19_53_fu_2178_p3  |    select|   0|  0|  92|           1|          92|
    |select_ln19_5_fu_445_p3    |    select|   0|  0|  92|           1|          92|
    |select_ln19_6_fu_489_p3    |    select|   0|  0|  71|           1|          71|
    |select_ln19_7_fu_504_p3    |    select|   0|  0|  92|           1|          92|
    |select_ln19_8_fu_542_p3    |    select|   0|  0|  71|           1|          71|
    |select_ln19_9_fu_556_p3    |    select|   0|  0|  92|           1|          92|
    |select_ln19_fu_347_p3      |    select|   0|  0|  32|           1|          32|
    |select_ln30_10_fu_1706_p3  |    select|   0|  0|  23|           1|          23|
    |select_ln30_11_fu_1713_p3  |    select|   0|  0|  21|           1|          21|
    |select_ln30_12_fu_1720_p3  |    select|   0|  0|  22|           1|          22|
    |select_ln30_13_fu_1735_p3  |    select|   0|  0|  41|           1|          41|
    |select_ln30_1_fu_1449_p3   |    select|   0|  0|  21|           1|          21|
    |select_ln30_2_fu_1456_p3   |    select|   0|  0|  22|           1|          22|
    |select_ln30_3_fu_1471_p3   |    select|   0|  0|  41|           1|          41|
    |select_ln30_4_fu_1494_p3   |    select|   0|  0|  23|           1|          23|
    |select_ln30_5_fu_1501_p3   |    select|   0|  0|  21|           1|          21|
    |select_ln30_6_fu_1508_p3   |    select|   0|  0|  22|           1|          22|
    |select_ln30_7_fu_1523_p3   |    select|   0|  0|  41|           1|          41|
    |select_ln30_8_fu_1546_p3   |    select|   0|  0|  41|           1|          41|
    |select_ln30_9_fu_1871_p3   |    select|   0|  0|  41|           1|          41|
    |select_ln30_fu_1442_p3     |    select|   0|  0|  23|           1|          23|
    |select_ln38_1_fu_1956_p3   |    select|   0|  0|  23|           1|          23|
    |select_ln38_2_fu_1963_p3   |    select|   0|  0|  21|           1|          21|
    |select_ln38_3_fu_1970_p3   |    select|   0|  0|  22|           1|          22|
    |select_ln38_4_fu_1758_p3   |    select|   0|  0|  23|           1|          23|
    |select_ln38_5_fu_1765_p3   |    select|   0|  0|  21|           1|          21|
    |select_ln38_6_fu_1772_p3   |    select|   0|  0|  22|           1|          22|
    |select_ln38_fu_1553_p3     |    select|   0|  0|  22|           1|          22|
    |ap_enable_pp0              |       xor|   0|  0|   2|           1|           2|
    +---------------------------+----------+----+---+----+------------+------------+
    |Total                      |          |   0|  0|9025|        3742|        8635|
    +---------------------------+----------+----+---+----+------------+------------+

    * Multiplexer: 
    +-------------------------+----+-----------+-----+-----------+
    |           Name          | LUT| Input Size| Bits| Total Bits|
    +-------------------------+----+-----------+-----+-----------+
    |ap_done_int              |   9|          2|    1|          2|
    |ap_enable_reg_pp0_iter1  |   9|          2|    1|          2|
    |ap_sig_allocacmp_s       |   9|          2|   10|         20|
    |argmax_1_fu_158          |   9|          2|   10|         20|
    |argmax_fu_146            |   9|          2|   32|         64|
    |conv_i_i_i964_fu_154     |   9|          2|   32|         64|
    |result_fu_150            |   9|          2|   32|         64|
    +-------------------------+----+-----------+-----+-----------+
    |Total                    |  63|         14|  118|        236|
    +-------------------------+----+-----------+-----+-----------+

    * Register: 
    +-------------------------------------+----+----+-----+-----------+
    |                 Name                | FF | LUT| Bits| Const Bits|
    +-------------------------------------+----+----+-----+-----------+
    |H_reg_3100                           |  32|   0|   32|          0|
    |add_ln19_10_reg_2746                 |  32|   0|   92|         60|
    |add_ln19_11_reg_2757                 |  32|   0|   92|         60|
    |add_ln19_12_reg_2762                 |  32|   0|   92|         60|
    |add_ln19_13_reg_2767                 |  32|   0|   92|         60|
    |add_ln19_14_reg_2778                 |  32|   0|   92|         60|
    |add_ln19_15_reg_2783                 |  32|   0|   92|         60|
    |add_ln19_16_reg_2788                 |  32|   0|   92|         60|
    |add_ln19_17_reg_2799                 |  32|   0|   92|         60|
    |add_ln19_18_reg_2804                 |  32|   0|   92|         60|
    |add_ln19_19_reg_2809                 |  32|   0|   92|         60|
    |add_ln19_1_reg_2614                  |  32|   0|   92|         60|
    |add_ln19_20_reg_2820                 |  32|   0|   92|         60|
    |add_ln19_21_reg_2825                 |  32|   0|   92|         60|
    |add_ln19_22_reg_2845                 |  32|   0|   92|         60|
    |add_ln19_23_reg_2886                 |  32|   0|   92|         60|
    |add_ln19_24_reg_2951                 |  32|   0|   92|         60|
    |add_ln19_2_reg_2637                  |  32|   0|   92|         60|
    |add_ln19_3_reg_2654                  |  32|   0|   92|         60|
    |add_ln19_4_reg_2671                  |  32|   0|   92|         60|
    |add_ln19_5_reg_2693                  |  32|   0|   92|         60|
    |add_ln19_6_reg_2708                  |  32|   0|   92|         60|
    |add_ln19_7_reg_2725                  |  32|   0|   92|         60|
    |add_ln19_8_reg_2736                  |  32|   0|   92|         60|
    |add_ln19_9_reg_2741                  |  32|   0|   92|         60|
    |add_ln19_reg_2609                    |  32|   0|   92|         60|
    |add_ln32_2_reg_2860                  |   3|   0|   23|         20|
    |add_ln32_4_reg_2911                  |   3|   0|   23|         20|
    |add_ln32_reg_2850                    |   3|   0|   23|         20|
    |add_ln40_2_reg_2976                  |   3|   0|   23|         20|
    |add_ln40_4_reg_2986                  |   3|   0|   23|         20|
    |add_ln40_reg_2921                    |   3|   0|   23|         20|
    |ap_CS_fsm                            |   1|   0|    1|          0|
    |ap_done_reg                          |   1|   0|    1|          0|
    |ap_enable_reg_pp0_iter1              |   1|   0|    1|          0|
    |ap_enable_reg_pp0_iter10             |   1|   0|    1|          0|
    |ap_enable_reg_pp0_iter11             |   1|   0|    1|          0|
    |ap_enable_reg_pp0_iter12             |   1|   0|    1|          0|
    |ap_enable_reg_pp0_iter13             |   1|   0|    1|          0|
    |ap_enable_reg_pp0_iter14             |   1|   0|    1|          0|
    |ap_enable_reg_pp0_iter15             |   1|   0|    1|          0|
    |ap_enable_reg_pp0_iter16             |   1|   0|    1|          0|
    |ap_enable_reg_pp0_iter17             |   1|   0|    1|          0|
    |ap_enable_reg_pp0_iter18             |   1|   0|    1|          0|
    |ap_enable_reg_pp0_iter19             |   1|   0|    1|          0|
    |ap_enable_reg_pp0_iter2              |   1|   0|    1|          0|
    |ap_enable_reg_pp0_iter20             |   1|   0|    1|          0|
    |ap_enable_reg_pp0_iter21             |   1|   0|    1|          0|
    |ap_enable_reg_pp0_iter22             |   1|   0|    1|          0|
    |ap_enable_reg_pp0_iter23             |   1|   0|    1|          0|
    |ap_enable_reg_pp0_iter24             |   1|   0|    1|          0|
    |ap_enable_reg_pp0_iter25             |   1|   0|    1|          0|
    |ap_enable_reg_pp0_iter26             |   1|   0|    1|          0|
    |ap_enable_reg_pp0_iter27             |   1|   0|    1|          0|
    |ap_enable_reg_pp0_iter28             |   1|   0|    1|          0|
    |ap_enable_reg_pp0_iter29             |   1|   0|    1|          0|
    |ap_enable_reg_pp0_iter3              |   1|   0|    1|          0|
    |ap_enable_reg_pp0_iter30             |   1|   0|    1|          0|
    |ap_enable_reg_pp0_iter31             |   1|   0|    1|          0|
    |ap_enable_reg_pp0_iter4              |   1|   0|    1|          0|
    |ap_enable_reg_pp0_iter5              |   1|   0|    1|          0|
    |ap_enable_reg_pp0_iter6              |   1|   0|    1|          0|
    |ap_enable_reg_pp0_iter7              |   1|   0|    1|          0|
    |ap_enable_reg_pp0_iter8              |   1|   0|    1|          0|
    |ap_enable_reg_pp0_iter9              |   1|   0|    1|          0|
    |ap_loop_exit_ready_pp0_iter10_reg    |   1|   0|    1|          0|
    |ap_loop_exit_ready_pp0_iter11_reg    |   1|   0|    1|          0|
    |ap_loop_exit_ready_pp0_iter12_reg    |   1|   0|    1|          0|
    |ap_loop_exit_ready_pp0_iter13_reg    |   1|   0|    1|          0|
    |ap_loop_exit_ready_pp0_iter14_reg    |   1|   0|    1|          0|
    |ap_loop_exit_ready_pp0_iter15_reg    |   1|   0|    1|          0|
    |ap_loop_exit_ready_pp0_iter16_reg    |   1|   0|    1|          0|
    |ap_loop_exit_ready_pp0_iter17_reg    |   1|   0|    1|          0|
    |ap_loop_exit_ready_pp0_iter18_reg    |   1|   0|    1|          0|
    |ap_loop_exit_ready_pp0_iter19_reg    |   1|   0|    1|          0|
    |ap_loop_exit_ready_pp0_iter1_reg     |   1|   0|    1|          0|
    |ap_loop_exit_ready_pp0_iter20_reg    |   1|   0|    1|          0|
    |ap_loop_exit_ready_pp0_iter21_reg    |   1|   0|    1|          0|
    |ap_loop_exit_ready_pp0_iter22_reg    |   1|   0|    1|          0|
    |ap_loop_exit_ready_pp0_iter23_reg    |   1|   0|    1|          0|
    |ap_loop_exit_ready_pp0_iter24_reg    |   1|   0|    1|          0|
    |ap_loop_exit_ready_pp0_iter25_reg    |   1|   0|    1|          0|
    |ap_loop_exit_ready_pp0_iter26_reg    |   1|   0|    1|          0|
    |ap_loop_exit_ready_pp0_iter27_reg    |   1|   0|    1|          0|
    |ap_loop_exit_ready_pp0_iter28_reg    |   1|   0|    1|          0|
    |ap_loop_exit_ready_pp0_iter29_reg    |   1|   0|    1|          0|
    |ap_loop_exit_ready_pp0_iter2_reg     |   1|   0|    1|          0|
    |ap_loop_exit_ready_pp0_iter30_reg    |   1|   0|    1|          0|
    |ap_loop_exit_ready_pp0_iter3_reg     |   1|   0|    1|          0|
    |ap_loop_exit_ready_pp0_iter4_reg     |   1|   0|    1|          0|
    |ap_loop_exit_ready_pp0_iter5_reg     |   1|   0|    1|          0|
    |ap_loop_exit_ready_pp0_iter6_reg     |   1|   0|    1|          0|
    |ap_loop_exit_ready_pp0_iter7_reg     |   1|   0|    1|          0|
    |ap_loop_exit_ready_pp0_iter8_reg     |   1|   0|    1|          0|
    |ap_loop_exit_ready_pp0_iter9_reg     |   1|   0|    1|          0|
    |argmax_1_fu_158                      |  10|   0|   10|          0|
    |argmax_fu_146                        |  32|   0|   32|          0|
    |conv_i_i_i964_fu_154                 |  32|   0|   32|          0|
    |icmp_ln177_reg_2568                  |   1|   0|    1|          0|
    |mul_ln181_1_reg_3073                 |  52|   0|   52|          0|
    |mul_ln181_reg_3068                   |  52|   0|   52|          0|
    |mul_ln183_reg_3115                   |  52|   0|   52|          0|
    |mul_ln32_1_reg_3016                  |  68|   0|   68|          0|
    |mul_ln32_2_reg_3058                  |  68|   0|   68|          0|
    |mul_ln32_reg_3006                    |  68|   0|   68|          0|
    |mul_ln40_1_reg_3083                  |  68|   0|   68|          0|
    |mul_ln40_2_reg_3088                  |  68|   0|   68|          0|
    |mul_ln40_reg_3063                    |  68|   0|   68|          0|
    |prob_reg_3093                        |  32|   0|   32|          0|
    |result_fu_150                        |  32|   0|   32|          0|
    |s_1_reg_2946                         |   9|   0|    9|          0|
    |s_reg_2556                           |  10|   0|   10|          0|
    |shl_ln19_10_reg_2730                 |  32|   0|   71|         39|
    |shl_ln19_10_reg_2730_pp0_iter9_reg   |  32|   0|   71|         39|
    |shl_ln19_14_reg_2751                 |  32|   0|   71|         39|
    |shl_ln19_14_reg_2751_pp0_iter12_reg  |  32|   0|   71|         39|
    |shl_ln19_18_reg_2772                 |  32|   0|   71|         39|
    |shl_ln19_18_reg_2772_pp0_iter15_reg  |  32|   0|   71|         39|
    |shl_ln19_22_reg_2793                 |  32|   0|   71|         39|
    |shl_ln19_22_reg_2793_pp0_iter18_reg  |  32|   0|   71|         39|
    |shl_ln19_26_reg_2814                 |  32|   0|   71|         39|
    |shl_ln19_26_reg_2814_pp0_iter21_reg  |  32|   0|   71|         39|
    |shl_ln19_30_reg_2880                 |  32|   0|   71|         39|
    |shl_ln19_30_reg_2880_pp0_iter24_reg  |  32|   0|   71|         39|
    |shl_ln19_4_reg_2631                  |  32|   0|   71|         39|
    |shl_ln19_4_reg_2631_pp0_iter3_reg    |  32|   0|   71|         39|
    |shl_ln19_8_reg_2687                  |  32|   0|   71|         39|
    |shl_ln19_8_reg_2687_pp0_iter6_reg    |  32|   0|   71|         39|
    |shl_ln_reg_2593                      |  32|   0|   71|         39|
    |state_im_load_reg_3001               |  32|   0|   32|          0|
    |state_re_load_reg_2996               |  32|   0|   32|          0|
    |sub_ln32_1_reg_2865                  |   8|   0|   49|         41|
    |sub_ln32_2_reg_2916                  |   8|   0|   49|         41|
    |sub_ln32_reg_2855                    |   8|   0|   49|         41|
    |sub_ln40_1_reg_2981                  |   8|   0|   49|         41|
    |sub_ln40_2_reg_2991                  |   8|   0|   49|         41|
    |sub_ln40_reg_2926                    |   8|   0|   49|         41|
    |tmp_24_reg_2830                      |   2|   0|   22|         20|
    |tmp_25_reg_3011                      |  32|   0|   32|          0|
    |tmp_27_reg_2835                      |   2|   0|   22|         20|
    |tmp_28_reg_3053                      |  32|   0|   32|          0|
    |tmp_29_reg_2870                      |   2|   0|   22|         20|
    |tmp_31_reg_2840                      |   2|   0|   22|         20|
    |tmp_31_reg_2840_pp0_iter22_reg       |   2|   0|   22|         20|
    |tmp_32_reg_3078                      |  32|   0|   32|          0|
    |tmp_33_reg_2931                      |   2|   0|   22|         20|
    |tmp_35_reg_2875                      |   2|   0|   22|         20|
    |tmp_35_reg_2875_pp0_iter23_reg       |   2|   0|   22|         20|
    |tmp_37_reg_2583                      |   1|   0|    1|          0|
    |tmp_38_reg_2598                      |   1|   0|    1|          0|
    |tmp_39_reg_2619                      |   1|   0|    1|          0|
    |tmp_40_reg_2642                      |   1|   0|    1|          0|
    |tmp_41_reg_2659                      |   1|   0|    1|          0|
    |tmp_42_reg_2676                      |   1|   0|    1|          0|
    |tmp_43_reg_2698                      |   1|   0|    1|          0|
    |tmp_44_reg_2713                      |   1|   0|    1|          0|
    |trunc_ln5_reg_2572                   |   1|   0|    1|          0|
    |icmp_ln177_reg_2568                  |  64|  32|    1|          0|
    |s_1_reg_2946                         |  64|  32|    9|          0|
    |s_reg_2556                           |  64|  32|   10|          0|
    |tmp_37_reg_2583                      |  64|  32|    1|          0|
    |tmp_38_reg_2598                      |  64|  32|    1|          0|
    |tmp_39_reg_2619                      |  64|  32|    1|          0|
    |tmp_40_reg_2642                      |  64|  32|    1|          0|
    |tmp_41_reg_2659                      |  64|  32|    1|          0|
    |tmp_42_reg_2676                      |  64|  32|    1|          0|
    |tmp_43_reg_2698                      |  64|  32|    1|          0|
    |tmp_44_reg_2713                      |  64|  32|    1|          0|
    |trunc_ln5_reg_2572                   |  64|  32|    1|          0|
    +-------------------------------------+----+----+-----+-----------+
    |Total                                |3180| 384| 5130|       2689|
    +-------------------------------------+----+----+-----+-----------+



================================================================
== Interface
================================================================
* Summary: 
+--------------------+-----+-----+------------+-----------------------------------------------+--------------+
|      RTL Ports     | Dir | Bits|  Protocol  |                 Source Object                 |    C Type    |
+--------------------+-----+-----+------------+-----------------------------------------------+--------------+
|ap_clk              |   in|    1|  ap_ctrl_hs|  expectation_cost<3>_Pipeline_VITIS_LOOP_177_1|  return value|
|ap_rst              |   in|    1|  ap_ctrl_hs|  expectation_cost<3>_Pipeline_VITIS_LOOP_177_1|  return value|
|ap_start            |   in|    1|  ap_ctrl_hs|  expectation_cost<3>_Pipeline_VITIS_LOOP_177_1|  return value|
|ap_done             |  out|    1|  ap_ctrl_hs|  expectation_cost<3>_Pipeline_VITIS_LOOP_177_1|  return value|
|ap_idle             |  out|    1|  ap_ctrl_hs|  expectation_cost<3>_Pipeline_VITIS_LOOP_177_1|  return value|
|ap_ready            |  out|    1|  ap_ctrl_hs|  expectation_cost<3>_Pipeline_VITIS_LOOP_177_1|  return value|
|grp_fu_284_p_din0   |  out|   32|  ap_ctrl_hs|  expectation_cost<3>_Pipeline_VITIS_LOOP_177_1|  return value|
|grp_fu_284_p_din1   |  out|   32|  ap_ctrl_hs|  expectation_cost<3>_Pipeline_VITIS_LOOP_177_1|  return value|
|grp_fu_284_p_dout0  |   in|   52|  ap_ctrl_hs|  expectation_cost<3>_Pipeline_VITIS_LOOP_177_1|  return value|
|grp_fu_284_p_ce     |  out|    1|  ap_ctrl_hs|  expectation_cost<3>_Pipeline_VITIS_LOOP_177_1|  return value|
|state_re_address0   |  out|    9|   ap_memory|                                       state_re|         array|
|state_re_ce0        |  out|    1|   ap_memory|                                       state_re|         array|
|state_re_q0         |   in|   32|   ap_memory|                                       state_re|         array|
|state_im_address0   |  out|    9|   ap_memory|                                       state_im|         array|
|state_im_ce0        |  out|    1|   ap_memory|                                       state_im|         array|
|state_im_q0         |   in|   32|   ap_memory|                                       state_im|         array|
|d_load              |   in|   32|     ap_none|                                         d_load|        scalar|
|d_load_1            |   in|   32|     ap_none|                                       d_load_1|        scalar|
|d_load_2            |   in|   32|     ap_none|                                       d_load_2|        scalar|
|d_load_3            |   in|   32|     ap_none|                                       d_load_3|        scalar|
|d_load_4            |   in|   32|     ap_none|                                       d_load_4|        scalar|
|d_load_5            |   in|   32|     ap_none|                                       d_load_5|        scalar|
|d_load_6            |   in|   32|     ap_none|                                       d_load_6|        scalar|
|d_load_7            |   in|   32|     ap_none|                                       d_load_7|        scalar|
|d_load_8            |   in|   32|     ap_none|                                       d_load_8|        scalar|
|result_out          |  out|   32|      ap_vld|                                     result_out|       pointer|
|result_out_ap_vld   |  out|    1|      ap_vld|                                     result_out|       pointer|
|argmax_out          |  out|   32|      ap_vld|                                     argmax_out|       pointer|
|argmax_out_ap_vld   |  out|    1|      ap_vld|                                     argmax_out|       pointer|
+--------------------+-----+-----+------------+-----------------------------------------------+--------------+

